2026-08-19 01:40:06 - vnstock.common.data - INFO - Not a stock. Company and finance data unavailable.
Starting HCA System in hybrid mode...
Primary: HHV | Watchlist: ['TOS', 'NKG', 'AAS'] | Capital: 50,000,000
Fetching data...

  ╭──────────────────────────────────────────────────────────╮
  │  ⚠️  VNSTOCK DEPRECATION NOTICE (31/08/2025)             │
  │                                                          │
  │  Lớp Vnstock và các phương thức cũ (stock, fx, crypto,   │
  │  world_index, fund...) đã chính thức bị ngừng hỗ trợ.    │
  │                                                          │
  │  Để hệ thống ổn định và nhận được cập nhật mới nhất,     │
  │  vui lòng chuyển sang dùng bộ thư viện `vnstock.api`.    │
  │                                                          │
  │  👉 Xem hướng dẫn Migration: /vnstock-migration          │
  ╰──────────────────────────────────────────────────────────╯

Mẫu code chuyển đổi (Migration Example):
--------------------------------------
Cũ (Old):  stock = Vnstock().stock('ACB')
Mới (New): from vnstock.api.quote import Quote
          q = Quote(symbol='ACB', source='VCI')

Fetching data for HHV (Attempt 1/3)...
Fetching data for NKG (Attempt 1/3)...
Fetching data for AAS (Attempt 1/3)...
Fetching data for TOS (Attempt 1/3)...
┏━━━━━━━━━━━━━━━━━━━━━━━━━━━━━━━━━━━━━━━━━━━━━━━━━━━━━━━━━━━━━━━━━━━━━━━━━━━━━━━━━┓
┃                                                                                 ┃
┃                                                                                 ┃
┃  🚀 VNSTOCK INSIDERS PROGRAM - NÂNG TẦM TRẢI NGHIỆM CỦA BẠN! 🚀                 ┃
┃                                                                                 ┃
┃  Nếu bạn cảm thấy khó chịu với các thông báo và quảng cáo:                      ┃
┃                                                                                 ┃
┃  ✨ Ẩn toàn bộ thông báo và quảng cáo phiền hà                                  ┃
┃  🔓 Mở rộng khả năng sử dụng API tối đa                                         ┃
┃  ⚡ Tăng tốc tải dữ liệu từ 5-8 lần                                              ┃
┃  📈 Tăng giới hạn truy cập API lên đến 5 lần                                    ┃
┃  🤖 Dùng AI Agent viết code hiệu quả với tài liệu Agent Guide                   ┃
┃                                                                                 ┃
┃  🔗 Tham gia ngay: https://vnstocks.com/insiders-program.                       ┃
┃                                                                                 ┃
┗━━━━━━━━━━━━━━━━━━━━━━━━━━━━━━━━━━━━━━━━━━━━━━━━━━━━━━━━━━━━━━━━━━━━━━━━━━━━━━━━━┛
Fetching data for HHV (Attempt 2/3)...
Fetching data for NKG (Attempt 2/3)...
Fetching data for AAS (Attempt 2/3)...
Fetching data for TOS (Attempt 2/3)...
🚫 Đang bị giới hạn API? Tăng tốc độ gọi API lên 10X với gói Vnstock Insider: https://vnstocks.com/insiders-program
Fetching data for HHV (Attempt 3/3)...
Fetching data for NKG (Attempt 3/3)...
Fetching data for AAS (Attempt 3/3)...
Fetching data for TOS (Attempt 3/3)...
❌ Failed to fetch HHV
❌ Failed to fetch NKG
❌ Failed to fetch AAS
❌ Failed to fetch TOS
Fetching data for VNINDEX...
⚠️ Warning: Could not fetch VNINDEX: RetryError[<Future at 0x7f0470e9eb50 state=finished raised UnboundLocalError>]
Warning: VNINDEX data not found. Some indicators might be inaccurate.
Running Multi-Factor Scoring...
Ranking stocks...
Classification: {}
Evaluating execution logic...
Saving reporting outputs...
Email credentials not set. Skipping email.
Telegram message sent successfully to chat_id=5931981199.
Done!
